Data file manifest — 05_build_panel.R + 06_merge_ma_into_panel.R
Regenerated: 2026-09-18 15:07:10.322402
rootdir: /Users/diegogp/Desktop/Diego/Trains/new_repo

============================================================ 
FILE: departments_wide_panel.parquet
============================================================ 
Rows: 312
Columns: 220
Key: geolev2

NOTE ON logMA/chg_logMA COLUMNS:
  24 logMA columns = 4 cases × 3 sectors × 2 elasticities.
  18 chg_logMA columns = 3 timings × 3 sectors × 2 elasticities.

  Sector labels: s0 = overall (medium density); s1 = agricultural
  (high density); s2 = manufacturing (low density).
  Elasticity labels: elow = θ = 4.14; ehigh = θ = 8.11.

  Tierra del Fuego districts (32094001, 32094002) are NA in all
  land-only logMA columns (actual_*, instrument_stu) because they
  are disconnected from the mainland on the Phase 1/2a land-only
  cost surface. Phase 2b navigation will reconnect them via sea
  routes. The instrument_lcp_mst columns have values for them
  because the LCP-MST hypothetical network was routed on a Faber
  cost surface that treats water as passable (25x baseline), not
  infinite.

Summary of every variable:
  area_km2                         N=312  mean=8.14e+03  sd=1.18e+04  min=26.8  max=8.5e+04  NA=0
  elev_mean                        N=312  mean=418  sd=689  min=4.01  max=4e+03  NA=0
  rugged_mea                       N=312  mean=5.82e+04  sd=9.29e+04  min=3.63e+03  max=5.87e+05  NA=0
  wheat                            N=312  mean=2.72e+03  sd=1.63e+03  min=0.142  max=7.32e+03  NA=0
  preCal                           N=312  mean=3.38e+03  sd=1.79e+03  min=0  max=5.19e+03  NA=0
  postCal                          N=312  mean=2.04e+03  sd=1.01e+03  min=0  max=3.11e+03  NA=0
  dist_to_BA                       N=312  mean=669  sd=436  min=5.11  max=2.32e+03  NA=0
  elev_mean_std                    N=312  mean=1.67e-16  sd=1  min=-0.602  max=5.2  NA=0
  rugged_mea_std                   N=312  mean=-3.61e-17  sd=1  min=-0.587  max=5.7  NA=0
  wheat_std                        N=312  mean=3.27e-17  sd=1  min=-1.67  max=2.83  NA=0
  preCal_std                       N=312  mean=-2.78e-16  sd=1  min=-1.89  max=1.01  NA=0
  postCal_std                      N=312  mean=-1.82e-16  sd=1  min=-2.02  max=1.05  NA=0
  dist_to_BA_std                   N=312  mean=-9.39e-17  sd=1  min=-1.52  max=3.79  NA=0
  pop_1970                         N=312  mean=7.48e+04  sd=1.91e+05  min=4.75e+03  max=2.91e+06  NA=0
  urbpop_1970                       ALL NA
  college_1970                     N=312  mean=0.0067  sd=0.00733  min=0  max=0.0497  NA=0
  secondary_1970                   N=312  mean=0.0476  sd=0.0308  min=0  max=0.194  NA=0
  mig5_1970                        N=312  mean=0.0655  sd=0.0564  min=0  max=0.432  NA=0
  empstat_1_1970                   N=312  mean=0.487  sd=0.0477  min=0.36  max=0.75  NA=0
  empstat_2_1970                   N=312  mean=0.00961  sd=0.00642  min=0  max=0.0438  NA=0
  empstat_3_1970                   N=312  mean=0.504  sd=0.0462  min=0.237  max=0.62  NA=0
  pop_1980                         N=312  mean=1.03e+05  sd=2.63e+05  min=8.49e+03  max=3.98e+06  NA=0
  urbpop_1980                      N=312  mean=7.29e+04  sd=2e+05  min=0  max=2.79e+06  NA=0
  college_1980                     N=312  mean=0.0117  sd=0.0116  min=0  max=0.102  NA=0
  secondary_1980                   N=312  mean=0.0843  sd=0.0454  min=0.0108  max=0.268  NA=0
  mig5_1980                        N=310  mean=0.113  sd=0.136  min=0.0113  max=0.925  NA=2
  empstat_1_1980                   N=312  mean=0.495  sd=0.0807  min=0.3  max=0.9  NA=0
  empstat_2_1980                   N=312  mean=0.00687  sd=0.00338  min=0.000497  max=0.0258  NA=0
  empstat_3_1980                   N=312  mean=0.498  sd=0.0806  min=0.0914  max=0.692  NA=0
  pop_1991                         N=312  mean=1.15e+05  sd=2.64e+05  min=1.48e+04  max=3.77e+06  NA=0
  urbpop_1991                      N=312  mean=8.97e+04  sd=2.16e+05  min=0  max=2.84e+06  NA=0
  college_1991                     N=312  mean=0.0148  sd=0.0131  min=0.000388  max=0.0977  NA=0
  secondary_1991                   N=312  mean=0.125  sd=0.0573  min=0.0258  max=0.375  NA=0
  mig5_1991                        N=312  mean=0.182  sd=0.103  min=0.0266  max=0.672  NA=0
  empstat_1_1991                   N=312  mean=0.548  sd=0.0708  min=0.179  max=0.872  NA=0
  empstat_2_1991                   N=312  mean=0.0252  sd=0.0114  min=0.00341  max=0.057  NA=0
  empstat_3_1991                   N=312  mean=0.427  sd=0.0679  min=0.123  max=0.814  NA=0
  pop_2001                         N=312  mean=1.16e+05  sd=2.25e+05  min=1.50e+04  max=2.77e+06  NA=0
  urbpop_2001                      N=312  mean=1.04e+05  sd=2.25e+05  min=2.14e+03  max=2.77e+06  NA=0
  college_2001                     N=312  mean=0.0236  sd=0.0199  min=0.000469  max=0.155  NA=0
  secondary_2001                   N=312  mean=0.188  sd=0.0765  min=0.0357  max=0.513  NA=0
  mig5_2001                        N=312  mean=0.039  sd=0.0268  min=0.00918  max=0.234  NA=0
  empstat_1_2001                   N=312  mean=0.413  sd=0.0596  min=0.195  max=0.586  NA=0
  empstat_2_2001                   N=312  mean=0.14  sd=0.0378  min=0.0466  max=0.259  NA=0
  empstat_3_2001                   N=312  mean=0.447  sd=0.0515  min=0.304  max=0.671  NA=0
  pop_2010                         N=312  mean=1.27e+05  sd=2.43e+05  min=2.01e+04  max=2.82e+06  NA=0
  urbpop_2010                       ALL NA
  college_2010                     N=312  mean=0.0302  sd=0.0239  min=0.000896  max=0.183  NA=0
  secondary_2010                   N=312  mean=0.217  sd=0.0688  min=0.0587  max=0.503  NA=0
  mig5_2010                         ALL NA
  empstat_1_2010                   N=312  mean=0.579  sd=0.0666  min=0.298  max=0.747  NA=0
  empstat_2_2010                   N=312  mean=0.0329  sd=0.0102  min=0.00637  max=0.0599  NA=0
  empstat_3_2010                   N=312  mean=0.388  sd=0.0696  min=0.218  max=0.66  NA=0
  pop_1947                         N=238  mean=5.9e+04  sd=1.99e+05  min=2.42e+03  max=2.98e+06  NA=74
  urbpop_1947                      N=236  mean=4.11e+04  sd=2e+05  min=2e+03  max=2.98e+06  NA=76
  pop_imputed_1947                 N=243  mean=5.84e+04  sd=1.97e+05  min=2.42e+03  max=2.98e+06  NA=69
  urbpop_imputed_1947              N=241  mean=4.05e+04  sd=1.98e+05  min=2e+03  max=2.98e+06  NA=71
  note_1947                        N=243  mean=0.0206  sd=0.142  min=0  max=1  NA=69
  pop_1960                         N=312  mean=5.3e+04  sd=1.83e+05  min=1.07e+03  max=2.97e+06  NA=0
  urbpop_1960                      N=312  mean=4.73e+04  sd=1.83e+05  min=0  max=2.97e+06  NA=0
  rur_1960                         N=312  mean=5.62e+03  sd=5.36e+03  min=0  max=3.03e+04  NA=0
  nexp_1960                        N=306  mean=1.54e+03  sd=1.33e+03  min=3  max=1.01e+04  NA=6
  areatot_ha_1960                  N=306  mean=5.69e+05  sd=1.15e+06  min=3  max=1.3e+07  NA=6
  nexp_1988                        N=300  mean=1.23e+03  sd=1.12e+03  min=5  max=7.91e+03  NA=12
  areatot_ha_1988                  N=300  mean=5.76e+05  sd=1.16e+06  min=5.6  max=1.39e+07  NA=12
  nestab_1954                      N=310  mean=356  sd=594  min=3  max=6.16e+03  NA=2
  nemp_1954                        N=310  mean=318  sd=909  min=1  max=1.02e+04  NA=2
  nobr_1954                        N=310  mean=2.28e+03  sd=5.46e+03  min=8  max=5.3e+04  NA=2
  npers_1954                        ALL NA
  massal_1954                      N=310  mean=2.84e+04  sd=7.91e+04  min=113  max=8.86e+05  NA=2
  valprod_1954                     N=310  mean=1.53e+05  sd=4.47e+05  min=208  max=5.62e+06  NA=2
  valprod1_1954                    N=310  mean=1.53e+05  sd=4.47e+05  min=208  max=5.62e+06  NA=2
  valprod2_1954                     ALL NA
  nestab_1985                      N=311  mean=300  sd=566  min=3  max=4.96e+03  NA=1
  nemp_1985                         ALL NA
  nobr_1985                         ALL NA
  npers_1985                       N=311  mean=3.12e+03  sd=7e+03  min=0  max=5.18e+04  NA=1
  massal_1985                      N=311  mean=1.38e+06  sd=3.33e+06  min=0  max=2.47e+07  NA=1
  valprod_1985                     N=311  mean=1.12e+07  sd=2.89e+07  min=5.72e+03  max=3.06e+08  NA=1
  valprod1_1985                    N=311  mean=1.12e+07  sd=2.89e+07  min=5.72e+03  max=3.06e+08  NA=1
  valprod2_1985                    N=311  mean=5.41e+05  sd=1.41e+06  min=0  max=1.06e+07  NA=1
  status1979_1                     N=312  mean=107  sd=118  min=0  max=779  NA=0
  status1979_2                     N=312  mean=17.8  sd=42.1  min=0  max=300  NA=0
  status1979_3                     N=312  mean=12.5  sd=28  min=0  max=167  NA=0
  studied_0                        N=312  mean=70.3  sd=82.3  min=0  max=420  NA=0
  studied_1                        N=312  mean=66.8  sd=97.9  min=0  max=766  NA=0
  tot_rails_1986                   N=312  mean=107  sd=118  min=0  max=779  NA=0
  tot_rails_1960                   N=312  mean=137  sd=140  min=0  max=779  NA=0
  chg_tot_rails_86_60              N=312  mean=-30.4  sd=56  min=-306  max=0  NA=0
  studied_larkin                   N=312  mean=66.8  sd=97.9  min=0  max=766  NA=0
  share_studied_larkin             N=282  mean=0.437  sd=0.375  min=0  max=1  NA=30
  roadsall_type_1                  N=309  mean=83.5  sd=139  min=0  max=1.08e+03  NA=3
  roadsall_type_2                  N=309  mean=33.7  sd=82.6  min=0  max=921  NA=3
  roadsall_type_3                  N=309  mean=136  sd=194  min=0  max=1.88e+03  NA=3
  roadsall_type_4                  N=309  mean=5.84  sd=17.4  min=0  max=180  NA=3
  roadsall_type_5                  N=309  mean=5.55  sd=27  min=0  max=304  NA=3
  roadsall_type_6                  N=309  mean=7.99  sd=21.7  min=0  max=229  NA=3
  roadsall_type_7                  N=309  mean=3.2  sd=11.5  min=0  max=123  NA=3
  pav_and_grav_1954                N=309  mean=89  sd=149  min=0  max=1.13e+03  NA=3
  pav_and_grav_1970                N=309  mean=123  sd=198  min=0  max=1.73e+03  NA=3
  pav_and_grav_1986                N=309  mean=258  sd=351  min=3.71  max=3.61e+03  NA=3
  chg_pav_and_grav_86_54           N=309  mean=169  sd=248  min=0  max=2.51e+03  NA=3
  chg_pav_and_grav_70_54           N=309  mean=33.7  sd=82.6  min=0  max=921  NA=3
  chg_pav_and_grav_86_70           N=309  mean=136  sd=194  min=0  max=1.88e+03  NA=3
  connected_pav_grav_86_54         N=309  mean=0.265  sd=0.442  min=0  max=1  NA=3
  hypo_LCP_kms                     N=312  mean=5.18e+03  sd=8.41e+03  min=0  max=7.94e+04  NA=0
  hypo_LCP_MST_kms                 N=312  mean=36.8  sd=62.6  min=0  max=301  NA=0
  hypo_EUC_kms                     N=312  mean=3.99e+03  sd=5.78e+03  min=0  max=5.7e+04  NA=0
  hypo_EUC_MST_kms                 N=312  mean=22.5  sd=44.6  min=0  max=373  NA=0
  chg_log_pop_91_60                N=312  mean=1.02  sd=0.54  min=0.0508  max=3.1  NA=0
  chg_log_urbpop_91_60             N=287  mean=0.865  sd=0.517  min=-0.0717  max=2.99  NA=25
  chg_log_placebo_pop_60_47        N=238  mean=-0.0868  sd=0.572  min=-2.37  max=1.69  NA=74
  chg_log_nestab_85_54             N=310  mean=-0.216  sd=0.675  min=-2.43  max=4.24  NA=2
  chg_log_massal_85_54             N=309  mean=3.53  sd=1.38  min=-1.7  max=7.21  NA=3
  chg_log_valprod_85_54            N=310  mean=3.89  sd=1.37  min=-1.97  max=9.75  NA=2
  chg_log_nexp_88_60               N=297  mean=-0.254  sd=0.497  min=-3.35  max=2.29  NA=15
  chg_log_areatot_ha_88_60         N=297  mean=0.0766  sd=0.656  min=-3.22  max=3.76  NA=15
  logMA_actual_1960_s0_elow        N=312  mean=-43  sd=5.47  min=-55.7  max=-25.1  NA=0
  logMA_actual_1960_s0_ehigh       N=312  mean=-98.7  sd=11.6  min=-124  max=-61.7  NA=0
  logMA_actual_1960_s1_elow        N=312  mean=-40.9  sd=6.54  min=-55.2  max=-20.3  NA=0
  logMA_actual_1960_s1_ehigh       N=312  mean=-95  sd=13.7  min=-124  max=-52.9  NA=0
  logMA_actual_1960_s2_elow        N=312  mean=-46.6  sd=4.57  min=-57.8  max=-32.4  NA=0
  logMA_actual_1960_s2_ehigh       N=312  mean=-105  sd=9.33  min=-125  max=-76  NA=0
  logMA_actual_1986_s0_elow        N=312  mean=-41.6  sd=4.83  min=-52.8  max=-25.1  NA=0
  logMA_actual_1986_s0_ehigh       N=312  mean=-95.7  sd=10.3  min=-119  max=-61.7  NA=0
  logMA_actual_1986_s1_elow        N=312  mean=-39.5  sd=5.77  min=-52.6  max=-20.3  NA=0
  logMA_actual_1986_s1_ehigh       N=312  mean=-92.1  sd=12.2  min=-119  max=-52.9  NA=0
  logMA_actual_1986_s2_elow        N=312  mean=-45.3  sd=4.07  min=-53.7  max=-32.4  NA=0
  logMA_actual_1986_s2_ehigh       N=312  mean=-102  sd=8.29  min=-121  max=-76  NA=0
  logMA_instrument_stu_s0_elow     N=312  mean=-44.1  sd=5.82  min=-56.5  max=-25.1  NA=0
  logMA_instrument_stu_s0_ehigh    N=312  mean=-101  sd=12.2  min=-126  max=-61.7  NA=0
  logMA_instrument_stu_s1_elow     N=312  mean=-42.3  sd=6.82  min=-56.3  max=-20.3  NA=0
  logMA_instrument_stu_s1_ehigh    N=312  mean=-97.9  sd=14.1  min=-126  max=-52.9  NA=0
  logMA_instrument_stu_s2_elow     N=312  mean=-47.2  sd=4.8  min=-58  max=-32.4  NA=0
  logMA_instrument_stu_s2_ehigh    N=312  mean=-106  sd=9.83  min=-127  max=-76  NA=0
  logMA_instrument_lcp_mst_s0_elow N=312  mean=-43.4  sd=5.2  min=-53.5  max=-26  NA=0
  logMA_instrument_lcp_mst_s0_ehigh N=312  mean=-99.6  sd=11  min=-121  max=-64  NA=0
  logMA_instrument_lcp_mst_s1_elow N=312  mean=-41.5  sd=6.25  min=-53.1  max=-20.3  NA=0
  logMA_instrument_lcp_mst_s1_ehigh N=312  mean=-96.2  sd=13.1  min=-120  max=-52.9  NA=0
  logMA_instrument_lcp_mst_s2_elow N=312  mean=-47.2  sd=4.41  min=-56  max=-32.9  NA=0
  logMA_instrument_lcp_mst_s2_ehigh N=312  mean=-106  sd=9.04  min=-125  max=-78.5  NA=0
  logMA_instrument_euc_mst_s0_elow N=312  mean=-43.5  sd=5.39  min=-54.4  max=-25.9  NA=0
  logMA_instrument_euc_mst_s0_ehigh N=312  mean=-100  sd=11.3  min=-122  max=-64  NA=0
  logMA_instrument_euc_mst_s1_elow N=312  mean=-41.7  sd=6.49  min=-54  max=-20.3  NA=0
  logMA_instrument_euc_mst_s1_ehigh N=312  mean=-96.7  sd=13.5  min=-121  max=-52.9  NA=0
  logMA_instrument_euc_mst_s2_elow N=312  mean=-47.2  sd=4.46  min=-56.1  max=-33.3  NA=0
  logMA_instrument_euc_mst_s2_ehigh N=312  mean=-106  sd=9.16  min=-125  max=-78.2  NA=0
  logMA_instrument_lcp_s0_elow     N=312  mean=-42.3  sd=5.12  min=-53.4  max=-25.8  NA=0
  logMA_instrument_lcp_s0_ehigh    N=312  mean=-97.3  sd=11  min=-120  max=-64  NA=0
  logMA_instrument_lcp_s1_elow     N=312  mean=-40.3  sd=6.22  min=-53  max=-20.3  NA=0
  logMA_instrument_lcp_s1_ehigh    N=312  mean=-93.7  sd=13.2  min=-120  max=-52.9  NA=0
  logMA_instrument_lcp_s2_elow     N=312  mean=-46.1  sd=4.17  min=-55.4  max=-32.8  NA=0
  logMA_instrument_lcp_s2_ehigh    N=312  mean=-104  sd=8.77  min=-124  max=-78.3  NA=0
  logMA_instrument_euc_s0_elow     N=312  mean=-38.3  sd=5.57  min=-52.8  max=-24.8  NA=0
  logMA_instrument_euc_s0_ehigh    N=312  mean=-87.9  sd=11.9  min=-119  max=-61.4  NA=0
  logMA_instrument_euc_s1_elow     N=312  mean=-35.4  sd=6.62  min=-52.4  max=-20.2  NA=0
  logMA_instrument_euc_s1_ehigh    N=312  mean=-82.7  sd=14.1  min=-119  max=-52.6  NA=0
  logMA_instrument_euc_s2_elow     N=312  mean=-43.1  sd=4.64  min=-54.8  max=-31.2  NA=0
  logMA_instrument_euc_s2_ehigh    N=312  mean=-97.4  sd=9.56  min=-123  max=-73.9  NA=0
  logMA_cf_only_rail_s0_elow       N=312  mean=-43.3  sd=5.43  min=-55.7  max=-25.1  NA=0
  logMA_cf_only_rail_s0_ehigh      N=312  mean=-99.4  sd=11.5  min=-124  max=-61.7  NA=0
  logMA_cf_only_rail_s1_elow       N=312  mean=-41.4  sd=6.42  min=-55.2  max=-20.3  NA=0
  logMA_cf_only_rail_s1_ehigh      N=312  mean=-96.1  sd=13.5  min=-124  max=-52.9  NA=0
  logMA_cf_only_rail_s2_elow       N=312  mean=-46.8  sd=4.58  min=-57.8  max=-32.4  NA=0
  logMA_cf_only_rail_s2_ehigh      N=312  mean=-105  sd=9.36  min=-125  max=-76  NA=0
  logMA_cf_only_road_s0_elow       N=312  mean=-41.4  sd=4.95  min=-52.8  max=-25.1  NA=0
  logMA_cf_only_road_s0_ehigh      N=312  mean=-95.3  sd=10.5  min=-119  max=-61.7  NA=0
  logMA_cf_only_road_s1_elow       N=312  mean=-39.2  sd=5.97  min=-52.6  max=-20.3  NA=0
  logMA_cf_only_road_s1_ehigh      N=312  mean=-91.5  sd=12.7  min=-119  max=-52.9  NA=0
  logMA_cf_only_road_s2_elow       N=312  mean=-45.2  sd=4.11  min=-53.7  max=-32.4  NA=0
  logMA_cf_only_road_s2_ehigh      N=312  mean=-102  sd=8.38  min=-121  max=-76  NA=0
  chg_logMA_86_60_s0_elow          N=312  mean=1.35  sd=2.18  min=-6.86  max=8.63  NA=0
  chg_logMA_stu_s0_elow            N=312  mean=-1.11  sd=2.01  min=-11.4  max=-9.96e-06  NA=0
  chg_logMA_lcp_mst_s0_elow        N=312  mean=-0.418  sd=2.16  min=-14.1  max=7.98  NA=0
  chg_logMA_euc_mst_s0_elow        N=312  mean=-0.527  sd=2.1  min=-15.7  max=10.3  NA=0
  chg_logMA_lcp_s0_elow            N=312  mean=0.612  sd=2.89  min=-14  max=10.6  NA=0
  chg_logMA_euc_s0_elow            N=312  mean=4.69  sd=4.03  min=-15  max=14.4  NA=0
  chg_logMA_only_rail_s0_elow      N=312  mean=-0.356  sd=1.23  min=-10.3  max=-3.38e-06  NA=0
  chg_logMA_only_road_s0_elow      N=312  mean=1.51  sd=1.96  min=-2.73  max=8.65  NA=0
  chg_logMA_86_60_s0_ehigh         N=312  mean=3.01  sd=5.07  min=-14.4  max=17.9  NA=0
  chg_logMA_stu_s0_ehigh           N=312  mean=-2.18  sd=4.27  min=-23.4  max=-3.47e-10  NA=0
  chg_logMA_lcp_mst_s0_ehigh       N=312  mean=-0.943  sd=4.95  min=-29  max=16.9  NA=0
  chg_logMA_euc_mst_s0_ehigh       N=312  mean=-1.36  sd=4.75  min=-33.2  max=21.5  NA=0
  chg_logMA_lcp_s0_ehigh           N=312  mean=1.43  sd=6.73  min=-29  max=24.8  NA=0
  chg_logMA_euc_s0_ehigh           N=312  mean=10.8  sd=9.34  min=-32.8  max=32.8  NA=0
  chg_logMA_only_rail_s0_ehigh     N=312  mean=-0.715  sd=2.59  min=-21.4  max=-1e-10  NA=0
  chg_logMA_only_road_s0_ehigh     N=312  mean=3.37  sd=4.62  min=-9.18  max=17.9  NA=0
  chg_logMA_86_60_s1_elow          N=312  mean=1.39  sd=2.95  min=-12  max=10.8  NA=0
  chg_logMA_stu_s1_elow            N=312  mean=-1.44  sd=2.76  min=-15.3  max=-9.6e-06  NA=0
  chg_logMA_lcp_mst_s1_elow        N=312  mean=-0.565  sd=2.81  min=-15  max=9.14  NA=0
  chg_logMA_euc_mst_s1_elow        N=312  mean=-0.778  sd=2.78  min=-16.5  max=14.6  NA=0
  chg_logMA_lcp_s1_elow            N=312  mean=0.587  sd=3.78  min=-14.9  max=13.5  NA=0
  chg_logMA_euc_s1_elow            N=312  mean=5.5  sd=5.14  min=-16.1  max=15.5  NA=0
  chg_logMA_only_rail_s1_elow      N=312  mean=-0.497  sd=1.77  min=-13.4  max=-0.000119  NA=0
  chg_logMA_only_road_s1_elow      N=312  mean=1.67  sd=2.58  min=-5.58  max=10.8  NA=0
  chg_logMA_86_60_s1_ehigh         N=312  mean=2.96  sd=6.42  min=-24.6  max=21.4  NA=0
  chg_logMA_stu_s1_ehigh           N=312  mean=-2.83  sd=5.62  min=-31.1  max=-1.7e-10  NA=0
  chg_logMA_lcp_mst_s1_ehigh       N=312  mean=-1.19  sd=6.12  min=-33  max=21.4  NA=0
  chg_logMA_euc_mst_s1_ehigh       N=312  mean=-1.69  sd=6.04  min=-36.6  max=29.6  NA=0
  chg_logMA_lcp_s1_ehigh           N=312  mean=1.34  sd=8.35  min=-32.9  max=27.6  NA=0
  chg_logMA_euc_s1_ehigh           N=312  mean=12.3  sd=11.5  min=-36.1  max=36.1  NA=0
  chg_logMA_only_rail_s1_ehigh     N=312  mean=-1.01  sd=3.66  min=-27.4  max=-5.7e-08  NA=0
  chg_logMA_only_road_s1_ehigh     N=312  mean=3.55  sd=5.66  min=-15.5  max=23.3  NA=0
  chg_logMA_86_60_s2_elow          N=312  mean=1.38  sd=1.38  min=-1.93  max=5.8  NA=0
  chg_logMA_stu_s2_elow            N=312  mean=-0.548  sd=1.08  min=-5.88  max=-1.97e-06  NA=0
  chg_logMA_lcp_mst_s2_elow        N=312  mean=-0.607  sd=1.47  min=-8.7  max=5.74  NA=0
  chg_logMA_euc_mst_s2_elow        N=312  mean=-0.584  sd=1.49  min=-10.7  max=5.04  NA=0
  chg_logMA_lcp_s2_elow            N=312  mean=0.51  sd=2.02  min=-8.68  max=6.66  NA=0
  chg_logMA_euc_s2_elow            N=312  mean=3.53  sd=2.67  min=-10.4  max=10.8  NA=0
  chg_logMA_only_rail_s2_elow      N=312  mean=-0.169  sd=0.567  min=-5.08  max=-4.86e-07  NA=0
  chg_logMA_only_road_s2_elow      N=312  mean=1.44  sd=1.33  min=-0.72  max=5.8  NA=0
  chg_logMA_86_60_s2_ehigh         N=312  mean=2.87  sd=3.33  min=-4.24  max=13.7  NA=0
  chg_logMA_stu_s2_ehigh           N=312  mean=-1.2  sd=2.47  min=-14.3  max=-4.97e-11  NA=0
  chg_logMA_lcp_mst_s2_ehigh       N=312  mean=-1.3  sd=3.55  min=-17.3  max=12.7  NA=0
  chg_logMA_euc_mst_s2_ehigh       N=312  mean=-1.56  sd=3.39  min=-21.5  max=12  NA=0
  chg_logMA_lcp_s2_ehigh           N=312  mean=0.885  sd=4.83  min=-17.3  max=16.1  NA=0
  chg_logMA_euc_s2_ehigh           N=312  mean=7.55  sd=6.23  min=-21.3  max=22.4  NA=0
  chg_logMA_only_rail_s2_ehigh     N=312  mean=-0.374  sd=1.29  min=-11.1  max=-9.29e-12  NA=0
  chg_logMA_only_road_s2_ehigh     N=312  mean=3.04  sd=3.2  min=-3.22  max=13.7  NA=0
